// Jest Snapshot v1, https://goo.gl/fbAQLP

exports[`expect to render Joke component 1`] = `ShallowWrapper {}`;
